2025-08-07 13:25:32.709 [error] [/home/bytomancer/.vscode-oss/extensions/geequlim.godot-tools-2.5.1-universal]: Extension is not compatible with Code 1.94.1. Extension requires: ^1.96.0.
2025-08-07 13:25:32.709 [error] [/home/bytomancer/.vscode-oss/extensions/ms-dotnettools.vscode-dotnet-runtime-2.3.6-universal]: Extension is not compatible with Code 1.94.1. Extension requires: ^1.99.0.
2025-08-07 13:25:32.718 [error] [/home/bytomancer/.vscode-oss/extensions/geequlim.godot-tools-2.5.1-universal]: Extension is not compatible with Code 1.94.1. Extension requires: ^1.96.0.
2025-08-07 13:25:32.718 [error] [/home/bytomancer/.vscode-oss/extensions/ms-dotnettools.vscode-dotnet-runtime-2.3.6-universal]: Extension is not compatible with Code 1.94.1. Extension requires: ^1.99.0.
2025-08-07 13:25:32.744 [error] [/home/bytomancer/.vscode-oss/extensions/geequlim.godot-tools-2.5.1-universal]: Extension is not compatible with Code 1.94.1. Extension requires: ^1.96.0.
2025-08-07 13:25:32.744 [error] [/home/bytomancer/.vscode-oss/extensions/ms-dotnettools.vscode-dotnet-runtime-2.3.6-universal]: Extension is not compatible with Code 1.94.1. Extension requires: ^1.99.0.
2025-08-07 13:25:32.753 [error] [/home/bytomancer/.vscode-oss/extensions/geequlim.godot-tools-2.5.1-universal]: Extension is not compatible with Code 1.94.1. Extension requires: ^1.96.0.
2025-08-07 13:25:32.753 [error] [/home/bytomancer/.vscode-oss/extensions/ms-dotnettools.vscode-dotnet-runtime-2.3.6-universal]: Extension is not compatible with Code 1.94.1. Extension requires: ^1.99.0.
2025-08-07 13:25:32.761 [info] Deleted uninstalled extension from disk rust-lang.rust-analyzer /home/bytomancer/.vscode-oss/extensions/rust-lang.rust-analyzer-0.3.2121-linux-x64
2025-08-07 13:25:32.795 [info] Marked extension as uninstalled brandonkong.ethereal-0.1.2-universal
2025-08-07 13:25:32.795 [info] Marked extension as uninstalled catppuccin.catppuccin-vsc-icons-1.16.0-universal
2025-08-07 13:25:32.795 [info] Marked extension as uninstalled pkief.material-icon-theme-5.11.1-universal
2025-08-07 13:25:32.834 [error] [/home/bytomancer/.vscode-oss/extensions/geequlim.godot-tools-2.5.1-universal]: Extension is not compatible with Code 1.94.1. Extension requires: ^1.96.0.
2025-08-07 13:25:32.835 [error] [/home/bytomancer/.vscode-oss/extensions/ms-dotnettools.vscode-dotnet-runtime-2.3.6-universal]: Extension is not compatible with Code 1.94.1. Extension requires: ^1.99.0.
2025-08-07 13:25:32.876 [error] [/home/bytomancer/.vscode-oss/extensions/geequlim.godot-tools-2.5.1-universal]: Extension is not compatible with Code 1.94.1. Extension requires: ^1.96.0.
2025-08-07 13:25:32.876 [error] [/home/bytomancer/.vscode-oss/extensions/ms-dotnettools.vscode-dotnet-runtime-2.3.6-universal]: Extension is not compatible with Code 1.94.1. Extension requires: ^1.99.0.
2025-08-07 13:25:32.950 [error] [/home/bytomancer/.vscode-oss/extensions/geequlim.godot-tools-2.5.1-universal]: Extension is not compatible with Code 1.94.1. Extension requires: ^1.96.0.
2025-08-07 13:25:32.950 [error] [/home/bytomancer/.vscode-oss/extensions/ms-dotnettools.vscode-dotnet-runtime-2.3.6-universal]: Extension is not compatible with Code 1.94.1. Extension requires: ^1.99.0.
2025-08-07 13:25:34.967 [error] [/home/bytomancer/.vscode-oss/extensions/geequlim.godot-tools-2.5.1-universal]: Extension is not compatible with Code 1.94.1. Extension requires: ^1.96.0.
2025-08-07 13:25:34.968 [error] [/home/bytomancer/.vscode-oss/extensions/ms-dotnettools.vscode-dotnet-runtime-2.3.6-universal]: Extension is not compatible with Code 1.94.1. Extension requires: ^1.99.0.
2025-08-07 13:25:35.665 [error] [/home/bytomancer/.vscode-oss/extensions/geequlim.godot-tools-2.5.1-universal]: Extension is not compatible with Code 1.94.1. Extension requires: ^1.96.0.
2025-08-07 13:25:35.666 [error] [/home/bytomancer/.vscode-oss/extensions/ms-dotnettools.vscode-dotnet-runtime-2.3.6-universal]: Extension is not compatible with Code 1.94.1. Extension requires: ^1.99.0.
