2025-08-07 13:25:36.820 [info] [main] Log level: Info
2025-08-07 13:25:36.820 [info] [main] Validating found git in: "git"
2025-08-07 13:25:36.820 [info] [main] Using git "2.44.2" from "git"
2025-08-07 13:25:36.820 [info] [Model][doInitialScan] Initial repository scan started
2025-08-07 13:25:36.820 [info] > git rev-parse --show-toplevel [2ms]
2025-08-07 13:25:36.820 [info] > git rev-parse --git-dir --git-common-dir [2ms]
2025-08-07 13:25:36.820 [info] [Model][openRepository] Opened repository: /home/bytomancer/dotfiles
2025-08-07 13:25:36.820 [info] > git config --get commit.template [8ms]
2025-08-07 13:25:36.820 [info] > git rev-parse --show-toplevel [2ms]
2025-08-07 13:25:36.820 [info] > git rev-parse --show-toplevel [64ms]
2025-08-07 13:25:36.820 [info] > git for-each-ref --format=%(refname)%00%(upstream:short)%00%(objectname)%00%(upstream:track)%00%(upstream:remotename)%00%(upstream:remoteref) refs/heads/main refs/remotes/main [71ms]
2025-08-07 13:25:36.820 [info] > git fetch [262ms]
2025-08-07 13:25:36.820 [info] > git rev-parse --show-toplevel [19ms]
2025-08-07 13:25:36.820 [info] > git config --get commit.template [14ms]
2025-08-07 13:25:36.820 [info] > git rev-parse --show-toplevel [11ms]
2025-08-07 13:25:36.820 [info] > git for-each-ref --format=%(refname)%00%(upstream:short)%00%(objectname)%00%(upstream:track)%00%(upstream:remotename)%00%(upstream:remoteref) refs/heads/main refs/remotes/main [20ms]
2025-08-07 13:25:36.831 [info] > git config --local branch.main.vscode-merge-base [85ms]
2025-08-07 13:25:36.838 [info] > git rev-parse --show-toplevel [99ms]
2025-08-07 13:25:36.838 [info] > git for-each-ref --format=%(refname)%00%(upstream:short)%00%(objectname)%00%(upstream:track)%00%(upstream:remotename)%00%(upstream:remoteref) refs/heads/main refs/remotes/main [105ms]
2025-08-07 13:25:36.838 [info] > git config --get commit.template [111ms]
2025-08-07 13:25:36.852 [info] > git for-each-ref --format=%(refname)%00%(upstream:short)%00%(objectname)%00%(upstream:track)%00%(upstream:remotename)%00%(upstream:remoteref) refs/heads/origin/main refs/remotes/origin/main [14ms]
2025-08-07 13:25:36.885 [info] > git merge-base refs/heads/main refs/remotes/origin/main [27ms]
2025-08-07 13:25:36.892 [info] > git rev-parse --show-toplevel [41ms]
2025-08-07 13:25:36.901 [info] > git diff --name-status -z --diff-filter=ADMR dde2479529866880f6436cb95803a8bac64e073d...refs/remotes/origin/main [9ms]
2025-08-07 13:25:36.901 [info] > git for-each-ref --format=%(refname)%00%(upstream:short)%00%(objectname)%00%(upstream:track)%00%(upstream:remotename)%00%(upstream:remoteref) refs/heads/main refs/remotes/main [18ms]
2025-08-07 13:25:36.911 [info] > git rev-parse --show-toplevel [11ms]
2025-08-07 13:25:36.927 [info] > git rev-parse --show-toplevel [1ms]
2025-08-07 13:25:36.947 [info] > git for-each-ref --sort -committerdate --format %(refname) %(objectname) %(*objectname) [7ms]
2025-08-07 13:25:36.948 [info] > git rev-parse --show-toplevel [2ms]
2025-08-07 13:25:36.948 [info] [Model][doInitialScan] Initial repository scan completed - repositories (1), closed repositories (0), parent repositories (0), unsafe repositories (0)
2025-08-07 13:25:36.964 [info] > git status -z -uall [32ms]
2025-08-07 13:25:37.035 [info] > git check-ignore -v -z --stdin [9ms]
2025-08-07 13:25:38.744 [info] > git check-ignore -v -z --stdin [10ms]
2025-08-07 13:25:39.488 [info] > git config --get commit.template [9ms]
2025-08-07 13:25:39.488 [info] > git for-each-ref --format=%(refname)%00%(upstream:short)%00%(objectname)%00%(upstream:track)%00%(upstream:remotename)%00%(upstream:remoteref) refs/heads/main refs/remotes/main [1ms]
2025-08-07 13:25:39.510 [info] > git for-each-ref --sort -committerdate --format %(refname) %(objectname) %(*objectname) [2ms]
2025-08-07 13:25:39.536 [info] > git status -z -uall [40ms]
2025-08-07 13:25:41.226 [info] > git check-ignore -v -z --stdin [22ms]
2025-08-07 13:25:44.559 [info] > git config --get commit.template [10ms]
2025-08-07 13:25:44.560 [info] > git for-each-ref --format=%(refname)%00%(upstream:short)%00%(objectname)%00%(upstream:track)%00%(upstream:remotename)%00%(upstream:remoteref) refs/heads/main refs/remotes/main [2ms]
2025-08-07 13:25:44.580 [info] > git for-each-ref --sort -committerdate --format %(refname) %(objectname) %(*objectname) [2ms]
2025-08-07 13:25:44.611 [info] > git status -z -uall [42ms]
2025-08-07 13:25:44.848 [info] > git log --format=%H%n%aN%n%aE%n%at%n%ct%n%P%n%D%n%B -z --shortstat --diff-merges=first-parent -n50 --skip=0 --topo-order --decorate=full --stdin [6715ms]
2025-08-07 13:25:45.252 [info] > git check-ignore -v -z --stdin [4ms]
